2026-08-09
- `src/heatmap.js`, `src/heatmap.test.js`, `src/game-engine.js`, `src/game-engine.test.js`, `src/game-state.js`, `src/dartboard.js`, `src/dartboard.test.js`, `src/main.js`, `src/icons.js`, `src/styles.css`, `src/preferences.test.js`, `public/dardops.acs`, `README.md`: retirado completamente el mapa de calor y eliminados sus datos de las partidas al migrar o volver a guardar, conservando la corrección independiente del límite de `localStorage`.
- `src/heatmap.js`, `src/heatmap.test.js`, `src/main.js`, `src/styles.css`: corregido el calentamiento visual para que cada impacto repetido aumente temperatura y opacidad en una escala absoluta de cinco niveles; el mapa comienza visible y la superposición ya colorea también los sectores claros de la diana.
- `src/game-state.js`, `src/game-state.test.js`, `src/game-engine.js`, `src/game-engine.test.js`, `src/turn-events.js`, `src/main.js`, `src/preferences.js`, `src/preferences.test.js`: corregido el crecimiento cuadrático que agotaba `localStorage`; migradas las partidas v1 a un estado compacto, limitado el historial a 30 dardos y añadida persistencia de emergencia sin historial cuando el navegador rechaza la escritura completa.
- `src/heatmap.js`, `src/heatmap.test.js`, `src/game-engine.js`, `src/game-engine.test.js`, `src/dartboard.js`, `src/dartboard.test.js`, `src/main.js`, `src/icons.js`, `src/styles.css`, `public/dardops.acs`, `README.md`: añadido un mapa de calor acumulado por partida que distingue anillos y bull, contabiliza los tiros fuera, se conserva en la partida guardada, se revierte con deshacer y puede consultarse durante el juego o desde el cierre de victoria.

2026-08-08
- `src/voice-modes.js`, `src/voice-modes.test.js`, `src/preferences.js`, `src/speech.js`, `src/speech.test.js`, `src/main.js`, `src/styles.css`, `README.md`: convertido el botón de voz en selector persistente de tres modos —completo, solo jugador/total/pulla y silencio— con migración de la preferencia booleana anterior e indicador visual en el mismo control.
- `src/dartboard.js`, `src/styles.css`, `src/dartboard.test.js`: intercambiados rojo y verde en dobles, triples y bull sin alterar el patrón claro/oscuro ya invertido; el 20 queda claro/rojo y el 1 oscuro/verde.
- `src/cricket-marks.js`, `src/cricket-marks.test.js`, `src/main.js`, `src/styles.css`: sustituidos los símbolos de cierre de Cricket por uno, dos o tres puntos verdes, naranjas o rojos, manteniendo etiquetas accesibles y una marca neutra para objetivos abiertos.
- `src/game-engine.js`, `src/main.js`, `src/speech.js`, `src/game-engine.test.js`, `src/speech.test.js`: Cricket distingue ahora marcas, valor nominal y puntos realmente concedidos; la interfaz suma solo puntos válidos y la voz omite puntos cuando el lanzamiento únicamente cierra o ya no puede puntuar.
- `src/main.js`, `src/styles.css`, `public/dardops.acs`: sustituida la confirmación nativa del navegador por un modal LobOps responsive, accesible, cancelable con Escape y con feedback AudioCSS.
- `src/insults.js`, `src/winner-insults.js`, `src/speech.js`, `src/main.js`: ampliado el repertorio a más de 120 pullas sin repetición consecutiva y añadidos anuncio hablado de fin de partida, ganador y pulla final, reflejada también en el modal de victoria.
- `src/dartboard.js`, `src/styles.css`, `src/dartboard.test.js`: invertido y cubierto con una prueba el patrón completo de colores de la diana, incluidos sectores simples, dobles, triples y bull, para coincidir con la diana analógica del usuario.
- `src/main.js`, `src/speech.js`, `src/turn-events.js`, `src/turn-events.test.js`, `src/game-engine.js`, `src/game-engine.test.js`: corregida la repetición del resumen anterior causada por la clonación de `lastTurn`; ahora se anuncia cada impacto, el resumen solo al completar el turno y después el nombre del siguiente jugador.
- `.gitignore`, `nginx.conf`: mantenido `change.log` bajo control de versiones y servido el AudioCSS local con MIME `text/plain` explícito.
- `Dockerfile`: actualizados los paquetes Alpine de la etapa de runtime para corregir las vulnerabilidades altas detectadas por Trivy en la imagen base, manteniendo la ejecución final como UID 101.
- `src/game-engine.js`, `src/game-engine.test.js`, `nginx.conf`: simplificado el flujo del motor para respetar los límites SonarQube, ampliadas las pruebas de cierre/reloj/puntuación alta y preservadas las cabeceras de seguridad en todos los assets.
- `src/styles.css`, `nginx.conf`: eliminada la tipografía remota y cerrada la CSP para que la aplicación no realice peticiones a servicios externos.
- `package.json`, `package-lock.json`: actualizados Vite a 7.3.6 y Vitest a 3.2.7 para corregir los avisos de seguridad detectados por `npm audit`.
- `.gitignore`, `.dockerignore`: excluidos artefactos de dependencias, build, cobertura y registros de los contextos de Git y Docker.
- `src/main.js`, `src/styles.css`, `src/dartboard.js`: creada la interfaz DardOps con configuración secuencial, diana SVG accesible, marcador responsive, temas pastel/oscuro, deshacer, persistencia y estilo LobOps.
- `src/game-engine.js`, `src/game-config.js`, `src/errors.js`: implementados 501, 301, Cricket, Vuelta al reloj y Puntuación alta con turnos, bust, doble salida, cierres y victorias automáticas.
- `src/insults.js`, `src/speech.js`, `public/dardops.acs`, `src/sound.js`: añadidos locución española, repertorio desmotivacional personalizado y feedback AudioCSS sintetizado sin assets de audio.
- `Dockerfile`, `compose.yaml`, `nginx.conf`, `start.sh`: añadida entrega Docker no-root, de solo lectura, con healthcheck y publicación en el puerto no habitual 3847.
- `src/game-engine.test.js`, `README.md`: añadidas pruebas unitarias del motor e instrucciones de uso y desarrollo.
